// Jest Snapshot v1, https://goo.gl/fbAQLP

exports[`Spinner component renders correctly 1`] = `
<View
  style={
    Object {
      "alignItems": "center",
      "height": "100%",
      "justifyContent": "center",
      "width": "100%",
    }
  }
>
  <View
    collapsable={false}
    style={
      Object {
        "transform": Array [
          Object {
            "rotateZ": "0deg",
          },
        ],
      }
    }
  >
    <SvgMock
      height={36}
      width={36}
    />
  </View>
</View>
`;
